2026-08-04 11:43:37.0638 Info Registered target NLog.Targets.FileTarget(Name=file)
2026-08-04 11:43:37.0889 Info NLog, Version=6.0.0.0, Culture=neutral, PublicKeyToken=5120e14c03d0593c. File version: 6.1.4.5569. Product version: 6.1.4+a342b92bf5382f108133296098348691f2f29fb1. GlobalAssemblyCache: False
2026-08-04 11:43:37.1373 Info Configuration initialized: TargetNames=file, ConfigItems=23, ConfigSection=NLog
2026-08-04 11:43:37.1758 Warn Logger: Microsoft.Extensions.Hosting.Internal.ApplicationLifetime configured with duplicate output to target: FileTarget(Name=file). LoggingRule with NamePattern='*' and Level=Warn has been skipped.
2026-08-04 11:43:37.1888 Warn Logger: Microsoft.Extensions.Hosting.Internal.Host configured with duplicate output to target: FileTarget(Name=file). LoggingRule with NamePattern='*' and Level=Warn has been skipped.
2026-08-04 11:43:37.1888 Warn Logger: Microsoft.Hosting.Lifetime configured with duplicate output to target: FileTarget(Name=file). LoggingRule with NamePattern='*' and Level=Warn has been skipped.
2026-08-04 11:43:37.2026 Warn Logger: Microsoft.AspNetCore.DataProtection.TypeForwardingActivator configured with duplicate output to target: FileTarget(Name=file). LoggingRule with NamePattern='*' and Level=Warn has been skipped.
2026-08-04 11:43:37.2026 Warn Logger: Microsoft.AspNetCore.DataProtection.KeyManagement.XmlKeyManager configured with duplicate output to target: FileTarget(Name=file). LoggingRule with NamePattern='*' and Level=Warn has been skipped.
2026-08-04 11:43:37.2154 Warn Logger: Microsoft.AspNetCore.DataProtection.AuthenticatedEncryption.CngGcmAuthenticatedEncryptorFactory configured with duplicate output to target: FileTarget(Name=file). LoggingRule with NamePattern='*' and Level=Warn has been skipped.
2026-08-04 11:43:37.2154 Warn Logger: Microsoft.AspNetCore.DataProtection.AuthenticatedEncryption.CngCbcAuthenticatedEncryptorFactory configured with duplicate output to target: FileTarget(Name=file). LoggingRule with NamePattern='*' and Level=Warn has been skipped.
2026-08-04 11:43:37.2154 Warn Logger: Microsoft.AspNetCore.DataProtection.AuthenticatedEncryption.ManagedAuthenticatedEncryptorFactory configured with duplicate output to target: FileTarget(Name=file). LoggingRule with NamePattern='*' and Level=Warn has been skipped.
2026-08-04 11:43:37.2154 Warn Logger: Microsoft.AspNetCore.DataProtection.XmlEncryption.DpapiXmlEncryptor configured with duplicate output to target: FileTarget(Name=file). LoggingRule with NamePattern='*' and Level=Warn has been skipped.
2026-08-04 11:43:37.2154 Warn Logger: Microsoft.AspNetCore.DataProtection.Repositories.FileSystemXmlRepository configured with duplicate output to target: FileTarget(Name=file). LoggingRule with NamePattern='*' and Level=Warn has been skipped.
2026-08-04 11:43:37.3083 Warn Logger: Microsoft.AspNetCore.DataProtection.KeyManagement.DefaultKeyResolver configured with duplicate output to target: FileTarget(Name=file). LoggingRule with NamePattern='*' and Level=Warn has been skipped.
2026-08-04 11:43:37.3083 Warn Logger: Microsoft.AspNetCore.DataProtection.KeyManagement.KeyRingProvider configured with duplicate output to target: FileTarget(Name=file). LoggingRule with NamePattern='*' and Level=Warn has been skipped.
2026-08-04 11:43:37.3083 Warn Logger: Microsoft.AspNetCore.DataProtection.Internal.DataProtectionHostedService configured with duplicate output to target: FileTarget(Name=file). LoggingRule with NamePattern='*' and Level=Warn has been skipped.
2026-08-04 11:43:37.3083 Warn Logger: Microsoft.AspNetCore.Server.IIS.Core.IISHttpServer configured with duplicate output to target: FileTarget(Name=file). LoggingRule with NamePattern='*' and Level=Warn has been skipped.
2026-08-04 11:43:37.3251 Warn Logger: Microsoft.AspNetCore.Hosting.Diagnostics configured with duplicate output to target: FileTarget(Name=file). LoggingRule with NamePattern='*' and Level=Warn has been skipped.
2026-08-04 11:43:37.4146 Warn Logger: Microsoft.AspNetCore.DataProtection.XmlEncryption.DpapiXmlDecryptor configured with duplicate output to target: FileTarget(Name=file). LoggingRule with NamePattern='*' and Level=Warn has been skipped.
2026-08-04 11:43:37.4983 Warn Logger: Microsoft.AspNetCore.Mvc.MvcOptions configured with duplicate output to target: FileTarget(Name=file). LoggingRule with NamePattern='*' and Level=Warn has been skipped.
2026-08-04 11:43:37.4983 Warn Logger: Microsoft.AspNetCore.Mvc.Formatters.SystemTextJsonInputFormatter configured with duplicate output to target: FileTarget(Name=file). LoggingRule with NamePattern='*' and Level=Warn has been skipped.
2026-08-04 11:43:37.5296 Warn Logger: Microsoft.AspNetCore.Mvc.ApplicationModels.CompiledPageRouteModelProvider configured with duplicate output to target: FileTarget(Name=file). LoggingRule with NamePattern='*' and Level=Warn has been skipped.
2026-08-04 11:43:37.5620 Warn Logger: Microsoft.AspNetCore.Routing.EndpointMiddleware configured with duplicate output to target: FileTarget(Name=file). LoggingRule with NamePattern='*' and Level=Warn has been skipped.
2026-08-04 11:43:37.5620 Warn Logger: Microsoft.AspNetCore.Routing.EndpointRoutingMiddleware configured with duplicate output to target: FileTarget(Name=file). LoggingRule with NamePattern='*' and Level=Warn has been skipped.
2026-08-04 11:43:37.5620 Warn Logger: Microsoft.AspNetCore.StaticFiles.StaticFileMiddleware configured with duplicate output to target: FileTarget(Name=file). LoggingRule with NamePattern='*' and Level=Warn has been skipped.
2026-08-04 11:43:37.5620 Warn Logger: Microsoft.AspNetCore.HttpsPolicy.HttpsRedirectionMiddleware configured with duplicate output to target: FileTarget(Name=file). LoggingRule with NamePattern='*' and Level=Warn has been skipped.
2026-08-04 11:43:37.5754 Warn Logger: Microsoft.AspNetCore.Diagnostics.DeveloperExceptionPageMiddleware configured with duplicate output to target: FileTarget(Name=file). LoggingRule with NamePattern='*' and Level=Warn has been skipped.
2026-08-04 11:43:37.5754 Warn Logger: Microsoft.AspNetCore.HostFiltering.HostFilteringMiddleware configured with duplicate output to target: FileTarget(Name=file). LoggingRule with NamePattern='*' and Level=Warn has been skipped.
2026-08-04 11:43:37.5754 Warn Logger: Microsoft.WebTools.BrowserLink.Net.BrowserLinkMiddleware configured with duplicate output to target: FileTarget(Name=file). LoggingRule with NamePattern='*' and Level=Warn has been skipped.
2026-08-04 11:43:37.5754 Warn Logger: Microsoft.WebTools.BrowserLink.Net.VsContentMiddleware configured with duplicate output to target: FileTarget(Name=file). LoggingRule with NamePattern='*' and Level=Warn has been skipped.
2026-08-04 11:43:37.8471 Warn Logger: Microsoft.AspNetCore.Mvc.Razor.Compilation.DefaultViewCompiler configured with duplicate output to target: FileTarget(Name=file). LoggingRule with NamePattern='*' and Level=Warn has been skipped.
2026-08-04 11:43:37.8640 Warn Logger: Microsoft.AspNetCore.Routing.Matching.DfaMatcher configured with duplicate output to target: FileTarget(Name=file). LoggingRule with NamePattern='*' and Level=Warn has been skipped.
2026-08-04 11:43:37.9050 Warn Logger: Microsoft.AspNetCore.Mvc.ModelBinding.ModelBinderFactory configured with duplicate output to target: FileTarget(Name=file). LoggingRule with NamePattern='*' and Level=Warn has been skipped.
2026-08-04 11:43:37.9050 Warn Logger: Microsoft.AspNetCore.Mvc.ModelBinding.ParameterBinder configured with duplicate output to target: FileTarget(Name=file). LoggingRule with NamePattern='*' and Level=Warn has been skipped.
2026-08-04 11:43:37.9050 Warn Logger: Microsoft.AspNetCore.Mvc.Infrastructure.ControllerActionInvoker configured with duplicate output to target: FileTarget(Name=file). LoggingRule with NamePattern='*' and Level=Warn has been skipped.
2026-08-04 11:43:37.9198 Warn Logger: Microsoft.AspNetCore.DataProtection.KeyManagement.KeyRingBasedDataProtector configured with duplicate output to target: FileTarget(Name=file). LoggingRule with NamePattern='*' and Level=Warn has been skipped.
2026-08-04 11:43:37.9198 Warn Logger: Microsoft.AspNetCore.Mvc.ViewFeatures.CookieTempDataProvider configured with duplicate output to target: FileTarget(Name=file). LoggingRule with NamePattern='*' and Level=Warn has been skipped.
2026-08-04 11:43:37.9198 Warn Logger: Microsoft.AspNetCore.Mvc.Razor.RazorViewEngine configured with duplicate output to target: FileTarget(Name=file). LoggingRule with NamePattern='*' and Level=Warn has been skipped.
2026-08-04 11:43:37.9198 Warn Logger: Microsoft.AspNetCore.Mvc.RazorPages.Infrastructure.PageActionInvoker configured with duplicate output to target: FileTarget(Name=file). LoggingRule with NamePattern='*' and Level=Warn has been skipped.
2026-08-04 11:43:37.9537 Warn Logger: Microsoft.AspNetCore.Antiforgery.DefaultAntiforgery configured with duplicate output to target: FileTarget(Name=file). LoggingRule with NamePattern='*' and Level=Warn has been skipped.
2026-08-04 11:43:37.9537 Warn Logger: Microsoft.AspNetCore.Mvc.ViewFeatures.Filters.AutoValidateAntiforgeryTokenAuthorizationFilter configured with duplicate output to target: FileTarget(Name=file). LoggingRule with NamePattern='*' and Level=Warn has been skipped.
2026-08-04 11:43:38.0146 Warn Logger: Microsoft.AspNetCore.Mvc.RedirectToRouteResult configured with duplicate output to target: FileTarget(Name=file). LoggingRule with NamePattern='*' and Level=Warn has been skipped.
2026-08-04 11:43:38.0146 Warn Logger: Microsoft.AspNetCore.Routing.DefaultLinkGenerator configured with duplicate output to target: FileTarget(Name=file). LoggingRule with NamePattern='*' and Level=Warn has been skipped.
2026-08-04 11:43:38.0146 Warn Logger: Microsoft.AspNetCore.Mvc.Routing.EndpointRoutingUrlHelper configured with duplicate output to target: FileTarget(Name=file). LoggingRule with NamePattern='*' and Level=Warn has been skipped.
2026-08-04 11:43:38.0979 Warn Logger: Microsoft.AspNetCore.Mvc.Filters.RequestSizeLimitFilter configured with duplicate output to target: FileTarget(Name=file). LoggingRule with NamePattern='*' and Level=Warn has been skipped.
2026-08-04 11:43:38.1153 Warn Logger: Microsoft.AspNetCore.Mvc.ModelBinding.Binders.ComplexObjectModelBinder configured with duplicate output to target: FileTarget(Name=file). LoggingRule with NamePattern='*' and Level=Warn has been skipped.
2026-08-04 11:43:38.1153 Warn Logger: Microsoft.AspNetCore.Mvc.ModelBinding.Binders.SimpleTypeModelBinder configured with duplicate output to target: FileTarget(Name=file). LoggingRule with NamePattern='*' and Level=Warn has been skipped.
2026-08-04 11:43:38.1211 Warn Logger: Microsoft.AspNetCore.Mvc.ModelBinding.Binders.FormFileModelBinder configured with duplicate output to target: FileTarget(Name=file). LoggingRule with NamePattern='*' and Level=Warn has been skipped.
2026-08-04 11:43:38.2574 Warn Logger: Microsoft.EntityFrameworkCore.Infrastructure configured with duplicate output to target: FileTarget(Name=file). LoggingRule with NamePattern='*' and Level=Warn has been skipped.
2026-08-04 11:43:38.2888 Warn Logger: VTBL.Restrict.Loader.Application.Uploads.UploadRestrictFileCommand configured with duplicate output to target: FileTarget(Name=file). LoggingRule with NamePattern='*' and Level=Info has been skipped.
2026-08-04 11:43:53.3641 Warn Logger: Microsoft.EntityFrameworkCore.ChangeTracking configured with duplicate output to target: FileTarget(Name=file). LoggingRule with NamePattern='*' and Level=Warn has been skipped.
2026-08-04 11:43:53.3799 Warn Logger: Microsoft.EntityFrameworkCore.Model configured with duplicate output to target: FileTarget(Name=file). LoggingRule with NamePattern='*' and Level=Warn has been skipped.
2026-08-04 11:43:53.3799 Warn Logger: Microsoft.EntityFrameworkCore.Model.Validation configured with duplicate output to target: FileTarget(Name=file). LoggingRule with NamePattern='*' and Level=Warn has been skipped.
2026-08-04 11:43:53.7561 Warn Logger: Microsoft.EntityFrameworkCore.Database.Command configured with duplicate output to target: FileTarget(Name=file). LoggingRule with NamePattern='*' and Level=Warn has been skipped.
2026-08-04 11:43:53.7561 Warn Logger: Microsoft.EntityFrameworkCore.Query configured with duplicate output to target: FileTarget(Name=file). LoggingRule with NamePattern='*' and Level=Warn has been skipped.
2026-08-04 11:43:53.7561 Warn Logger: Microsoft.EntityFrameworkCore.Database.Transaction configured with duplicate output to target: FileTarget(Name=file). LoggingRule with NamePattern='*' and Level=Warn has been skipped.
2026-08-04 11:43:53.7561 Warn Logger: Microsoft.EntityFrameworkCore.Database.Connection configured with duplicate output to target: FileTarget(Name=file). LoggingRule with NamePattern='*' and Level=Warn has been skipped.
2026-08-04 11:43:53.7733 Warn Logger: Microsoft.EntityFrameworkCore.Update configured with duplicate output to target: FileTarget(Name=file). LoggingRule with NamePattern='*' and Level=Warn has been skipped.
2026-08-04 12:46:01.7358 Info Registered target NLog.Targets.FileTarget(Name=file)
2026-08-04 12:46:01.7555 Info NLog, Version=6.0.0.0, Culture=neutral, PublicKeyToken=5120e14c03d0593c. File version: 6.1.4.5569. Product version: 6.1.4+a342b92bf5382f108133296098348691f2f29fb1. GlobalAssemblyCache: False
2026-08-04 12:46:01.7968 Info Configuration initialized: TargetNames=file, ConfigItems=23, ConfigSection=NLog
2026-08-04 12:46:01.8326 Warn Logger: Microsoft.Extensions.Hosting.Internal.ApplicationLifetime configured with duplicate output to target: FileTarget(Name=file). LoggingRule with NamePattern='*' and Level=Warn has been skipped.
2026-08-04 12:46:01.8431 Warn Logger: Microsoft.Extensions.Hosting.Internal.Host configured with duplicate output to target: FileTarget(Name=file). LoggingRule with NamePattern='*' and Level=Warn has been skipped.
2026-08-04 12:46:01.8431 Warn Logger: Microsoft.Hosting.Lifetime configured with duplicate output to target: FileTarget(Name=file). LoggingRule with NamePattern='*' and Level=Warn has been skipped.
2026-08-04 12:46:01.8431 Warn Logger: Microsoft.AspNetCore.DataProtection.TypeForwardingActivator configured with duplicate output to target: FileTarget(Name=file). LoggingRule with NamePattern='*' and Level=Warn has been skipped.
2026-08-04 12:46:01.8621 Warn Logger: Microsoft.AspNetCore.DataProtection.KeyManagement.XmlKeyManager configured with duplicate output to target: FileTarget(Name=file). LoggingRule with NamePattern='*' and Level=Warn has been skipped.
2026-08-04 12:46:01.8621 Warn Logger: Microsoft.AspNetCore.DataProtection.AuthenticatedEncryption.CngGcmAuthenticatedEncryptorFactory configured with duplicate output to target: FileTarget(Name=file). LoggingRule with NamePattern='*' and Level=Warn has been skipped.
2026-08-04 12:46:01.8621 Warn Logger: Microsoft.AspNetCore.DataProtection.AuthenticatedEncryption.CngCbcAuthenticatedEncryptorFactory configured with duplicate output to target: FileTarget(Name=file). LoggingRule with NamePattern='*' and Level=Warn has been skipped.
2026-08-04 12:46:01.8621 Warn Logger: Microsoft.AspNetCore.DataProtection.AuthenticatedEncryption.ManagedAuthenticatedEncryptorFactory configured with duplicate output to target: FileTarget(Name=file). LoggingRule with NamePattern='*' and Level=Warn has been skipped.
2026-08-04 12:46:01.8718 Warn Logger: Microsoft.AspNetCore.DataProtection.XmlEncryption.DpapiXmlEncryptor configured with duplicate output to target: FileTarget(Name=file). LoggingRule with NamePattern='*' and Level=Warn has been skipped.
2026-08-04 12:46:01.8718 Warn Logger: Microsoft.AspNetCore.DataProtection.Repositories.FileSystemXmlRepository configured with duplicate output to target: FileTarget(Name=file). LoggingRule with NamePattern='*' and Level=Warn has been skipped.
2026-08-04 12:46:01.9385 Warn Logger: Microsoft.AspNetCore.DataProtection.KeyManagement.DefaultKeyResolver configured with duplicate output to target: FileTarget(Name=file). LoggingRule with NamePattern='*' and Level=Warn has been skipped.
2026-08-04 12:46:01.9385 Warn Logger: Microsoft.AspNetCore.DataProtection.KeyManagement.KeyRingProvider configured with duplicate output to target: FileTarget(Name=file). LoggingRule with NamePattern='*' and Level=Warn has been skipped.
2026-08-04 12:46:01.9385 Warn Logger: Microsoft.AspNetCore.DataProtection.Internal.DataProtectionHostedService configured with duplicate output to target: FileTarget(Name=file). LoggingRule with NamePattern='*' and Level=Warn has been skipped.
2026-08-04 12:46:01.9385 Warn Logger: Microsoft.AspNetCore.Server.IIS.Core.IISHttpServer configured with duplicate output to target: FileTarget(Name=file). LoggingRule with NamePattern='*' and Level=Warn has been skipped.
2026-08-04 12:46:01.9563 Warn Logger: Microsoft.AspNetCore.Hosting.Diagnostics configured with duplicate output to target: FileTarget(Name=file). LoggingRule with NamePattern='*' and Level=Warn has been skipped.
2026-08-04 12:46:02.0425 Warn Logger: Microsoft.AspNetCore.DataProtection.XmlEncryption.DpapiXmlDecryptor configured with duplicate output to target: FileTarget(Name=file). LoggingRule with NamePattern='*' and Level=Warn has been skipped.
2026-08-04 12:46:02.1252 Warn Logger: Microsoft.AspNetCore.Mvc.MvcOptions configured with duplicate output to target: FileTarget(Name=file). LoggingRule with NamePattern='*' and Level=Warn has been skipped.
2026-08-04 12:46:02.1252 Warn Logger: Microsoft.AspNetCore.Mvc.Formatters.SystemTextJsonInputFormatter configured with duplicate output to target: FileTarget(Name=file). LoggingRule with NamePattern='*' and Level=Warn has been skipped.
2026-08-04 12:46:02.1564 Warn Logger: Microsoft.AspNetCore.Mvc.ApplicationModels.CompiledPageRouteModelProvider configured with duplicate output to target: FileTarget(Name=file). LoggingRule with NamePattern='*' and Level=Warn has been skipped.
2026-08-04 12:46:02.1854 Warn Logger: Microsoft.AspNetCore.Routing.EndpointMiddleware configured with duplicate output to target: FileTarget(Name=file). LoggingRule with NamePattern='*' and Level=Warn has been skipped.
2026-08-04 12:46:02.1854 Warn Logger: Microsoft.AspNetCore.Routing.EndpointRoutingMiddleware configured with duplicate output to target: FileTarget(Name=file). LoggingRule with NamePattern='*' and Level=Warn has been skipped.
2026-08-04 12:46:02.1854 Warn Logger: Microsoft.AspNetCore.StaticFiles.StaticFileMiddleware configured with duplicate output to target: FileTarget(Name=file). LoggingRule with NamePattern='*' and Level=Warn has been skipped.
2026-08-04 12:46:02.1854 Warn Logger: Microsoft.AspNetCore.HttpsPolicy.HttpsRedirectionMiddleware configured with duplicate output to target: FileTarget(Name=file). LoggingRule with NamePattern='*' and Level=Warn has been skipped.
2026-08-04 12:46:02.1854 Warn Logger: Microsoft.AspNetCore.Diagnostics.DeveloperExceptionPageMiddleware configured with duplicate output to target: FileTarget(Name=file). LoggingRule with NamePattern='*' and Level=Warn has been skipped.
2026-08-04 12:46:02.1854 Warn Logger: Microsoft.AspNetCore.HostFiltering.HostFilteringMiddleware configured with duplicate output to target: FileTarget(Name=file). LoggingRule with NamePattern='*' and Level=Warn has been skipped.
2026-08-04 12:46:02.2027 Warn Logger: Microsoft.WebTools.BrowserLink.Net.BrowserLinkMiddleware configured with duplicate output to target: FileTarget(Name=file). LoggingRule with NamePattern='*' and Level=Warn has been skipped.
2026-08-04 12:46:02.2027 Warn Logger: Microsoft.WebTools.BrowserLink.Net.VsContentMiddleware configured with duplicate output to target: FileTarget(Name=file). LoggingRule with NamePattern='*' and Level=Warn has been skipped.
2026-08-04 12:46:02.4203 Warn Logger: Microsoft.AspNetCore.Mvc.Razor.Compilation.DefaultViewCompiler configured with duplicate output to target: FileTarget(Name=file). LoggingRule with NamePattern='*' and Level=Warn has been skipped.
2026-08-04 12:46:02.4357 Warn Logger: Microsoft.AspNetCore.Routing.Matching.DfaMatcher configured with duplicate output to target: FileTarget(Name=file). LoggingRule with NamePattern='*' and Level=Warn has been skipped.
2026-08-04 12:46:02.4689 Warn Logger: Microsoft.AspNetCore.Mvc.ModelBinding.ModelBinderFactory configured with duplicate output to target: FileTarget(Name=file). LoggingRule with NamePattern='*' and Level=Warn has been skipped.
2026-08-04 12:46:02.4689 Warn Logger: Microsoft.AspNetCore.Mvc.ModelBinding.ParameterBinder configured with duplicate output to target: FileTarget(Name=file). LoggingRule with NamePattern='*' and Level=Warn has been skipped.
2026-08-04 12:46:02.4689 Warn Logger: Microsoft.AspNetCore.Mvc.Infrastructure.ControllerActionInvoker configured with duplicate output to target: FileTarget(Name=file). LoggingRule with NamePattern='*' and Level=Warn has been skipped.
2026-08-04 12:46:02.4850 Warn Logger: Microsoft.AspNetCore.DataProtection.KeyManagement.KeyRingBasedDataProtector configured with duplicate output to target: FileTarget(Name=file). LoggingRule with NamePattern='*' and Level=Warn has been skipped.
2026-08-04 12:46:02.4850 Warn Logger: Microsoft.AspNetCore.Mvc.ViewFeatures.CookieTempDataProvider configured with duplicate output to target: FileTarget(Name=file). LoggingRule with NamePattern='*' and Level=Warn has been skipped.
2026-08-04 12:46:02.4850 Warn Logger: Microsoft.AspNetCore.Mvc.Razor.RazorViewEngine configured with duplicate output to target: FileTarget(Name=file). LoggingRule with NamePattern='*' and Level=Warn has been skipped.
2026-08-04 12:46:02.4850 Warn Logger: Microsoft.AspNetCore.Mvc.RazorPages.Infrastructure.PageActionInvoker configured with duplicate output to target: FileTarget(Name=file). LoggingRule with NamePattern='*' and Level=Warn has been skipped.
2026-08-04 12:46:02.5162 Warn Logger: Microsoft.AspNetCore.Antiforgery.DefaultAntiforgery configured with duplicate output to target: FileTarget(Name=file). LoggingRule with NamePattern='*' and Level=Warn has been skipped.
2026-08-04 12:46:02.5162 Warn Logger: Microsoft.AspNetCore.Mvc.ViewFeatures.Filters.AutoValidateAntiforgeryTokenAuthorizationFilter configured with duplicate output to target: FileTarget(Name=file). LoggingRule with NamePattern='*' and Level=Warn has been skipped.
2026-08-04 12:46:02.5585 Warn Logger: Microsoft.AspNetCore.Mvc.RedirectToRouteResult configured with duplicate output to target: FileTarget(Name=file). LoggingRule with NamePattern='*' and Level=Warn has been skipped.
2026-08-04 12:46:02.5585 Warn Logger: Microsoft.AspNetCore.Routing.DefaultLinkGenerator configured with duplicate output to target: FileTarget(Name=file). LoggingRule with NamePattern='*' and Level=Warn has been skipped.
2026-08-04 12:46:02.5585 Warn Logger: Microsoft.AspNetCore.Mvc.Routing.EndpointRoutingUrlHelper configured with duplicate output to target: FileTarget(Name=file). LoggingRule with NamePattern='*' and Level=Warn has been skipped.
2026-08-04 12:46:02.6450 Warn Logger: Microsoft.AspNetCore.Mvc.Filters.RequestSizeLimitFilter configured with duplicate output to target: FileTarget(Name=file). LoggingRule with NamePattern='*' and Level=Warn has been skipped.
2026-08-04 12:46:02.6544 Warn Logger: Microsoft.AspNetCore.Mvc.ModelBinding.Binders.ComplexObjectModelBinder configured with duplicate output to target: FileTarget(Name=file). LoggingRule with NamePattern='*' and Level=Warn has been skipped.
2026-08-04 12:46:02.6544 Warn Logger: Microsoft.AspNetCore.Mvc.ModelBinding.Binders.SimpleTypeModelBinder configured with duplicate output to target: FileTarget(Name=file). LoggingRule with NamePattern='*' and Level=Warn has been skipped.
2026-08-04 12:46:02.6544 Warn Logger: Microsoft.AspNetCore.Mvc.ModelBinding.Binders.FormFileModelBinder configured with duplicate output to target: FileTarget(Name=file). LoggingRule with NamePattern='*' and Level=Warn has been skipped.
2026-08-04 12:46:02.6720 Warn Logger: VTBL.Restrict.Loader.Application.Uploads.UploadRestrictFileCommand configured with duplicate output to target: FileTarget(Name=file). LoggingRule with NamePattern='*' and Level=Info has been skipped.
2026-08-04 12:46:05.7513 Warn Logger: Microsoft.AspNetCore.Mvc.ViewComponents.DefaultViewComponentInvoker configured with duplicate output to target: FileTarget(Name=file). LoggingRule with NamePattern='*' and Level=Warn has been skipped.
2026-08-04 12:46:05.8440 Warn Logger: Microsoft.AspNetCore.Mvc.Razor.TagHelpers.HeadTagHelper configured with duplicate output to target: FileTarget(Name=file). LoggingRule with NamePattern='*' and Level=Warn has been skipped.
2026-08-04 12:46:05.8612 Warn Logger: Microsoft.AspNetCore.Mvc.Razor.TagHelpers.BodyTagHelper configured with duplicate output to target: FileTarget(Name=file). LoggingRule with NamePattern='*' and Level=Warn has been skipped.
2026-08-04 12:54:09.1957 Info Registered target NLog.Targets.FileTarget(Name=file)
2026-08-04 12:54:09.2139 Info NLog, Version=6.0.0.0, Culture=neutral, PublicKeyToken=5120e14c03d0593c. File version: 6.1.4.5569. Product version: 6.1.4+a342b92bf5382f108133296098348691f2f29fb1. GlobalAssemblyCache: False
2026-08-04 12:54:09.2469 Info Configuration initialized: TargetNames=file, ConfigItems=23, ConfigSection=NLog
2026-08-04 12:54:09.2783 Warn Logger: Microsoft.Extensions.Hosting.Internal.ApplicationLifetime configured with duplicate output to target: FileTarget(Name=file). LoggingRule with NamePattern='*' and Level=Warn has been skipped.
2026-08-04 12:54:09.2783 Warn Logger: Microsoft.Extensions.Hosting.Internal.Host configured with duplicate output to target: FileTarget(Name=file). LoggingRule with NamePattern='*' and Level=Warn has been skipped.
2026-08-04 12:54:09.2783 Warn Logger: Microsoft.Hosting.Lifetime configured with duplicate output to target: FileTarget(Name=file). LoggingRule with NamePattern='*' and Level=Warn has been skipped.
2026-08-04 12:54:09.3013 Warn Logger: Microsoft.AspNetCore.DataProtection.TypeForwardingActivator configured with duplicate output to target: FileTarget(Name=file). LoggingRule with NamePattern='*' and Level=Warn has been skipped.
2026-08-04 12:54:09.3100 Warn Logger: Microsoft.AspNetCore.DataProtection.KeyManagement.XmlKeyManager configured with duplicate output to target: FileTarget(Name=file). LoggingRule with NamePattern='*' and Level=Warn has been skipped.
2026-08-04 12:54:09.3100 Warn Logger: Microsoft.AspNetCore.DataProtection.AuthenticatedEncryption.CngGcmAuthenticatedEncryptorFactory configured with duplicate output to target: FileTarget(Name=file). LoggingRule with NamePattern='*' and Level=Warn has been skipped.
2026-08-04 12:54:09.3100 Warn Logger: Microsoft.AspNetCore.DataProtection.AuthenticatedEncryption.CngCbcAuthenticatedEncryptorFactory configured with duplicate output to target: FileTarget(Name=file). LoggingRule with NamePattern='*' and Level=Warn has been skipped.
2026-08-04 12:54:09.3100 Warn Logger: Microsoft.AspNetCore.DataProtection.AuthenticatedEncryption.ManagedAuthenticatedEncryptorFactory configured with duplicate output to target: FileTarget(Name=file). LoggingRule with NamePattern='*' and Level=Warn has been skipped.
2026-08-04 12:54:09.3100 Warn Logger: Microsoft.AspNetCore.DataProtection.XmlEncryption.DpapiXmlEncryptor configured with duplicate output to target: FileTarget(Name=file). LoggingRule with NamePattern='*' and Level=Warn has been skipped.
2026-08-04 12:54:09.3100 Warn Logger: Microsoft.AspNetCore.DataProtection.Repositories.FileSystemXmlRepository configured with duplicate output to target: FileTarget(Name=file). LoggingRule with NamePattern='*' and Level=Warn has been skipped.
2026-08-04 12:54:09.3877 Warn Logger: Microsoft.AspNetCore.DataProtection.KeyManagement.DefaultKeyResolver configured with duplicate output to target: FileTarget(Name=file). LoggingRule with NamePattern='*' and Level=Warn has been skipped.
2026-08-04 12:54:09.3877 Warn Logger: Microsoft.AspNetCore.DataProtection.KeyManagement.KeyRingProvider configured with duplicate output to target: FileTarget(Name=file). LoggingRule with NamePattern='*' and Level=Warn has been skipped.
2026-08-04 12:54:09.3877 Warn Logger: Microsoft.AspNetCore.DataProtection.Internal.DataProtectionHostedService configured with duplicate output to target: FileTarget(Name=file). LoggingRule with NamePattern='*' and Level=Warn has been skipped.
2026-08-04 12:54:09.3877 Warn Logger: Microsoft.AspNetCore.Server.IIS.Core.IISHttpServer configured with duplicate output to target: FileTarget(Name=file). LoggingRule with NamePattern='*' and Level=Warn has been skipped.
2026-08-04 12:54:09.4054 Warn Logger: Microsoft.AspNetCore.Hosting.Diagnostics configured with duplicate output to target: FileTarget(Name=file). LoggingRule with NamePattern='*' and Level=Warn has been skipped.
2026-08-04 12:54:09.4953 Warn Logger: Microsoft.AspNetCore.DataProtection.XmlEncryption.DpapiXmlDecryptor configured with duplicate output to target: FileTarget(Name=file). LoggingRule with NamePattern='*' and Level=Warn has been skipped.
2026-08-04 12:54:09.5731 Warn Logger: Microsoft.AspNetCore.Mvc.MvcOptions configured with duplicate output to target: FileTarget(Name=file). LoggingRule with NamePattern='*' and Level=Warn has been skipped.
2026-08-04 12:54:09.5768 Warn Logger: Microsoft.AspNetCore.Mvc.Formatters.SystemTextJsonInputFormatter configured with duplicate output to target: FileTarget(Name=file). LoggingRule with NamePattern='*' and Level=Warn has been skipped.
2026-08-04 12:54:09.6037 Warn Logger: Microsoft.AspNetCore.Mvc.ApplicationModels.CompiledPageRouteModelProvider configured with duplicate output to target: FileTarget(Name=file). LoggingRule with NamePattern='*' and Level=Warn has been skipped.
2026-08-04 12:54:09.6399 Warn Logger: Microsoft.AspNetCore.Routing.EndpointMiddleware configured with duplicate output to target: FileTarget(Name=file). LoggingRule with NamePattern='*' and Level=Warn has been skipped.
2026-08-04 12:54:09.6399 Warn Logger: Microsoft.AspNetCore.Routing.EndpointRoutingMiddleware configured with duplicate output to target: FileTarget(Name=file). LoggingRule with NamePattern='*' and Level=Warn has been skipped.
2026-08-04 12:54:09.6399 Warn Logger: Microsoft.AspNetCore.StaticFiles.StaticFileMiddleware configured with duplicate output to target: FileTarget(Name=file). LoggingRule with NamePattern='*' and Level=Warn has been skipped.
2026-08-04 12:54:09.6399 Warn Logger: Microsoft.AspNetCore.HttpsPolicy.HttpsRedirectionMiddleware configured with duplicate output to target: FileTarget(Name=file). LoggingRule with NamePattern='*' and Level=Warn has been skipped.
2026-08-04 12:54:09.6564 Warn Logger: Microsoft.AspNetCore.Diagnostics.DeveloperExceptionPageMiddleware configured with duplicate output to target: FileTarget(Name=file). LoggingRule with NamePattern='*' and Level=Warn has been skipped.
2026-08-04 12:54:09.6564 Warn Logger: Microsoft.AspNetCore.HostFiltering.HostFilteringMiddleware configured with duplicate output to target: FileTarget(Name=file). LoggingRule with NamePattern='*' and Level=Warn has been skipped.
2026-08-04 12:54:09.6564 Warn Logger: Microsoft.WebTools.BrowserLink.Net.BrowserLinkMiddleware configured with duplicate output to target: FileTarget(Name=file). LoggingRule with NamePattern='*' and Level=Warn has been skipped.
2026-08-04 12:54:09.6712 Warn Logger: Microsoft.WebTools.BrowserLink.Net.VsContentMiddleware configured with duplicate output to target: FileTarget(Name=file). LoggingRule with NamePattern='*' and Level=Warn has been skipped.
2026-08-04 12:54:09.8963 Warn Logger: Microsoft.AspNetCore.Mvc.Razor.Compilation.DefaultViewCompiler configured with duplicate output to target: FileTarget(Name=file). LoggingRule with NamePattern='*' and Level=Warn has been skipped.
2026-08-04 12:54:09.9126 Warn Logger: Microsoft.AspNetCore.Routing.Matching.DfaMatcher configured with duplicate output to target: FileTarget(Name=file). LoggingRule with NamePattern='*' and Level=Warn has been skipped.
2026-08-04 12:54:09.9397 Warn Logger: Microsoft.AspNetCore.Mvc.ModelBinding.ModelBinderFactory configured with duplicate output to target: FileTarget(Name=file). LoggingRule with NamePattern='*' and Level=Warn has been skipped.
2026-08-04 12:54:09.9505 Warn Logger: Microsoft.AspNetCore.Mvc.ModelBinding.ParameterBinder configured with duplicate output to target: FileTarget(Name=file). LoggingRule with NamePattern='*' and Level=Warn has been skipped.
2026-08-04 12:54:09.9505 Warn Logger: Microsoft.AspNetCore.Mvc.Infrastructure.ControllerActionInvoker configured with duplicate output to target: FileTarget(Name=file). LoggingRule with NamePattern='*' and Level=Warn has been skipped.
2026-08-04 12:54:09.9505 Warn Logger: Microsoft.AspNetCore.DataProtection.KeyManagement.KeyRingBasedDataProtector configured with duplicate output to target: FileTarget(Name=file). LoggingRule with NamePattern='*' and Level=Warn has been skipped.
2026-08-04 12:54:09.9505 Warn Logger: Microsoft.AspNetCore.Mvc.ViewFeatures.CookieTempDataProvider configured with duplicate output to target: FileTarget(Name=file). LoggingRule with NamePattern='*' and Level=Warn has been skipped.
2026-08-04 12:54:09.9505 Warn Logger: Microsoft.AspNetCore.Mvc.Razor.RazorViewEngine configured with duplicate output to target: FileTarget(Name=file). LoggingRule with NamePattern='*' and Level=Warn has been skipped.
2026-08-04 12:54:09.9669 Warn Logger: Microsoft.AspNetCore.Mvc.RazorPages.Infrastructure.PageActionInvoker configured with duplicate output to target: FileTarget(Name=file). LoggingRule with NamePattern='*' and Level=Warn has been skipped.
2026-08-04 12:54:09.9869 Warn Logger: Microsoft.AspNetCore.Antiforgery.DefaultAntiforgery configured with duplicate output to target: FileTarget(Name=file). LoggingRule with NamePattern='*' and Level=Warn has been skipped.
2026-08-04 12:54:09.9869 Warn Logger: Microsoft.AspNetCore.Mvc.ViewFeatures.Filters.AutoValidateAntiforgeryTokenAuthorizationFilter configured with duplicate output to target: FileTarget(Name=file). LoggingRule with NamePattern='*' and Level=Warn has been skipped.
2026-08-04 12:54:10.0310 Warn Logger: Microsoft.AspNetCore.Mvc.RedirectToRouteResult configured with duplicate output to target: FileTarget(Name=file). LoggingRule with NamePattern='*' and Level=Warn has been skipped.
2026-08-04 12:54:10.0310 Warn Logger: Microsoft.AspNetCore.Routing.DefaultLinkGenerator configured with duplicate output to target: FileTarget(Name=file). LoggingRule with NamePattern='*' and Level=Warn has been skipped.
2026-08-04 12:54:10.0440 Warn Logger: Microsoft.AspNetCore.Mvc.Routing.EndpointRoutingUrlHelper configured with duplicate output to target: FileTarget(Name=file). LoggingRule with NamePattern='*' and Level=Warn has been skipped.
2026-08-04 12:54:10.1245 Warn Logger: Microsoft.AspNetCore.Mvc.Filters.RequestSizeLimitFilter configured with duplicate output to target: FileTarget(Name=file). LoggingRule with NamePattern='*' and Level=Warn has been skipped.
2026-08-04 12:54:10.1245 Warn Logger: Microsoft.AspNetCore.Mvc.ModelBinding.Binders.ComplexObjectModelBinder configured with duplicate output to target: FileTarget(Name=file). LoggingRule with NamePattern='*' and Level=Warn has been skipped.
2026-08-04 12:54:10.1245 Warn Logger: Microsoft.AspNetCore.Mvc.ModelBinding.Binders.SimpleTypeModelBinder configured with duplicate output to target: FileTarget(Name=file). LoggingRule with NamePattern='*' and Level=Warn has been skipped.
2026-08-04 12:54:10.1381 Warn Logger: Microsoft.AspNetCore.Mvc.ModelBinding.Binders.FormFileModelBinder configured with duplicate output to target: FileTarget(Name=file). LoggingRule with NamePattern='*' and Level=Warn has been skipped.
2026-08-04 12:54:10.1381 Warn Logger: VTBL.Restrict.Loader.Application.Uploads.UploadRestrictFileCommand configured with duplicate output to target: FileTarget(Name=file). LoggingRule with NamePattern='*' and Level=Info has been skipped.
2026-08-04 12:54:11.4985 Warn Logger: Microsoft.AspNetCore.Mvc.ViewComponents.DefaultViewComponentInvoker configured with duplicate output to target: FileTarget(Name=file). LoggingRule with NamePattern='*' and Level=Warn has been skipped.
2026-08-04 12:54:11.5820 Warn Logger: Microsoft.AspNetCore.Mvc.Razor.TagHelpers.HeadTagHelper configured with duplicate output to target: FileTarget(Name=file). LoggingRule with NamePattern='*' and Level=Warn has been skipped.
2026-08-04 12:54:11.5992 Warn Logger: Microsoft.AspNetCore.Mvc.Razor.TagHelpers.BodyTagHelper configured with duplicate output to target: FileTarget(Name=file). LoggingRule with NamePattern='*' and Level=Warn has been skipped.
